// Jest Snapshot v1, https://goo.gl/fbAQLP

exports[`Home Wrapper component  should create a snapshot 1`] = `
<div
  className="jIwUpA"
/>
`;
