// Jest Snapshot v1, https://goo.gl/fbAQLP

exports[`Layout Container  should render with default props 1`] = `<Connect(Layout) />`;
